0000000000100000
00001111111111111111111111111111111111111111111111111111111111111111111111111111111111111111111111111111
