00000001000000000000000000000000000000000000000010000000000000000000000000000010000100000000000000000000
00001111111111111111111111111111111111111111111111111111111111111111111111111111111111111111111111111111
00001111111111111111111111111111111110111111111111111111111011111111111111111111111111111111111111111110
00000000000000000000000000000000000000000000000000000000000000000000000000000000000000000000000000000000
