Global Info:
Dynamic:
  #items:  tuples: 100  tsigs: 100  psigs: 2  bsigs: 11936
  #pages:  tuples: 2  tsigs: 1  psigs: 1  bsigs: 3
Static:
  tups   #attrs: 5  size: 49 bytes  max/page: 83
  sigs   bits/attr: 19
  tsigs  size: 144 bits (18 bytes)  max/page: 227
  psigs  size: 11936 bits (1492 bytes)  max/page: 2
  bsigs  size: 8 bits (1 bytes)  max/page: 4092
1000036,eNLLeLZdGjkWovSdevGZ,a3-036,a4-036,a5-036
Query Stats:
# sig pages read:    3
# signatures read:   19
# data pages read:   1
# tuples examined:   83
# false match pages: 0
1000086,kSXEMMtdeLnlZdSPvodU,a3-086,a4-086,a5-086
Query Stats:
# sig pages read:    3
# signatures read:   19
# data pages read:   1
# tuples examined:   17
# false match pages: 0
1000058,iWlGQOLHPvvCljAYMuvW,a3-058,a4-058,a5-058
Query Stats:
# sig pages read:    3
# signatures read:   19
# data pages read:   1
# tuples examined:   83
# false match pages: 0
1000021,TLrpbwfZiUclPBRClNBT,a3-021,a4-021,a5-021
Query Stats:
# sig pages read:    3
# signatures read:   19
# data pages read:   1
# tuples examined:   83
# false match pages: 0
1000027,JdvSyHoCPBSibMHkujbh,a3-027,a4-027,a5-027
Query Stats:
# sig pages read:    3
# signatures read:   57
# data pages read:   1
# tuples examined:   83
# false match pages: 0
1000037,TbTfklkXJvsOjFbnrCTz,a3-037,a4-037,a5-037
Query Stats:
# sig pages read:    3
# signatures read:   38
# data pages read:   1
# tuples examined:   83
# false match pages: 0
1000052,jPpSItshIjEJlQVWvxst,a3-052,a4-052,a5-052
Query Stats:
# sig pages read:    3
# signatures read:   19
# data pages read:   1
# tuples examined:   83
# false match pages: 0
1000052,jPpSItshIjEJlQVWvxst,a3-052,a4-052,a5-052
Query Stats:
# sig pages read:    3
# signatures read:   19
# data pages read:   1
# tuples examined:   83
# false match pages: 0
