Global Info:
Dynamic:
  #items:  tuples: 100  tsigs: 100  psigs: 2  bsigs: 11936
  #pages:  tuples: 2  tsigs: 1  psigs: 1  bsigs: 3
Static:
  tups   #attrs: 5  size: 49 bytes  max/page: 83
  sigs   bits/attr: 19
  tsigs  size: 144 bits (18 bytes)  max/page: 227
  psigs  size: 11936 bits (1492 bytes)  max/page: 2
  bsigs  size: 8 bits (1 bytes)  max/page: 4092
1000023,ijWODClbNdpSqaImcEZh,a3-023,a4-023,a5-023
Query Stats:
# sig pages read:    3
# signatures read:   38
# data pages read:   1
# tuples examined:   83
# false match pages: 0
1000030,HNOQIAFsLliOAkIEyMEw,a3-030,a4-030,a5-030
Query Stats:
# sig pages read:    3
# signatures read:   57
# data pages read:   1
# tuples examined:   83
# false match pages: 0
1000046,ABJvoeCUpWRHrtCcAOVe,a3-046,a4-046,a5-046
Query Stats:
# sig pages read:    3
# signatures read:   95
# data pages read:   1
# tuples examined:   83
# false match pages: 0
1000064,KSnCoJBxQCQziFKWULCZ,a3-064,a4-064,a5-064
Query Stats:
# sig pages read:    3
# signatures read:   95
# data pages read:   1
# tuples examined:   83
# false match pages: 0
1000072,KQIQdnncaoaxwSinvkVq,a3-072,a4-072,a5-072
Query Stats:
# sig pages read:    3
# signatures read:   19
# data pages read:   1
# tuples examined:   83
# false match pages: 0
1000095,kWkEPdSONualWVRobFyp,a3-095,a4-095,a5-095
Query Stats:
# sig pages read:    3
# signatures read:   19
# data pages read:   1
# tuples examined:   17
# false match pages: 0
1000008,vpdowjcmEVGViCutIXxE,a3-008,a4-008,a5-008
Query Stats:
# sig pages read:    3
# signatures read:   38
# data pages read:   1
# tuples examined:   83
# false match pages: 0
1000000,kcgMxxGCwMZLKUmpfODI,a3-000,a4-000,a5-000
Query Stats:
# sig pages read:    3
# signatures read:   19
# data pages read:   1
# tuples examined:   83
# false match pages: 0
1000007,PLuXJEDeVtVHDBuFfkPh,a3-007,a4-007,a5-007
Query Stats:
# sig pages read:    3
# signatures read:   19
# data pages read:   1
# tuples examined:   83
# false match pages: 0
1000013,eEXopFGAWLMwltzrRgOl,a3-013,a4-013,a5-013
Query Stats:
# sig pages read:    3
# signatures read:   57
# data pages read:   1
# tuples examined:   83
# false match pages: 0
