Global Info:
Dynamic:
  #items:  tuples: 1000  tsigs: 1000  psigs: 19  bsigs: 13928
  #pages:  tuples: 19  tsigs: 9  psigs: 10  bsigs: 11
Static:
  tups   #attrs: 9  size: 77 bytes  max/page: 53
  sigs   bits/attr: 20
  tsigs  size: 264 bits (33 bytes)  max/page: 124
  psigs  size: 13928 bits (1741 bytes)  max/page: 2
  bsigs  size: 24 bits (3 bytes)  max/page: 1364
1234731,aVRQAmdPNICOZXMHuvbv,a3-164,a4-164,a5-164,a6-164,a7-164,a8-164,a9-164
1235478,WBLzUOhVNDZzNWtPYwDL,a3-164,a4-247,a5-081,a6-413,a7-330,a8-247,a9-164
Query Stats:
# sig pages read:    10
# signatures read:   19
# data pages read:   2
# tuples examined:   106
# false match pages: 0
1235068,QYGrRpBfXlFVnXlTEoWX,a3-003,a4-169,a5-086,a6-003,a7-501,a8-501,a9-501
1235566,XmlNEhixnYCualhoRUZK,a3-003,a4-003,a5-169,a6-003,a7-418,a8-335,a9-252
Query Stats:
# sig pages read:    10
# signatures read:   19
# data pages read:   2
# tuples examined:   99
# false match pages: 0
1235563,nIzgEBIwKblbFiwaZmnj,a3-000,a4-000,a5-166,a6-000,a7-415,a8-332,a9-249
Query Stats:
# sig pages read:    10
# signatures read:   19
# data pages read:   1
# tuples examined:   46
# false match pages: 0
1235566,XmlNEhixnYCualhoRUZK,a3-003,a4-003,a5-169,a6-003,a7-418,a8-335,a9-252
Query Stats:
# sig pages read:    10
# signatures read:   19
# data pages read:   1
# tuples examined:   46
# false match pages: 0
1235510,zCJFoxeMesfeeeXtSPDZ,a3-196,a4-279,a5-113,a6-445,a7-362,a8-279,a9-196
Query Stats:
# sig pages read:    10
# signatures read:   19
# data pages read:   1
# tuples examined:   53
# false match pages: 0
1235501,DLPUZinGdzacfCZzyjMz,a3-187,a4-270,a5-104,a6-436,a7-353,a8-270,a9-187
Query Stats:
# sig pages read:    10
# signatures read:   19
# data pages read:   1
# tuples examined:   53
# false match pages: 0
1235513,gRTQFoPRpchIWFIVbcol,a3-199,a4-282,a5-116,a6-448,a7-365,a8-282,a9-199
Query Stats:
# sig pages read:    10
# signatures read:   19
# data pages read:   1
# tuples examined:   53
# false match pages: 0
1235398,fzIabCOISyiGYpkmHjgF,a3-084,a4-167,a5-001,a6-333,a7-250,a8-167,a9-084
Query Stats:
# sig pages read:    10
# signatures read:   19
# data pages read:   1
# tuples examined:   53
# false match pages: 0
Query Stats:
# sig pages read:    10
# signatures read:   19
# data pages read:   0
# tuples examined:   0
# false match pages: 0
Query Stats:
# sig pages read:    10
# signatures read:   19
# data pages read:   0
# tuples examined:   0
# false match pages: 0
1234654,jfeTfvbDjPjhtlgVHogc,a3-087,a4-087,a5-087,a6-087,a7-087,a8-087,a9-087
Query Stats:
# sig pages read:    10
# signatures read:   19
# data pages read:   1
# tuples examined:   53
# false match pages: 0
1235274,rabxeGVYHaubekjZaqza,a3-209,a4-043,a5-292,a6-209,a7-126,a8-043,a9-707
Query Stats:
# sig pages read:    10
# signatures read:   19
# data pages read:   1
# tuples examined:   53
# false match pages: 0
1234730,bPTwHxhubsTGeflKznAz,a3-163,a4-163,a5-163,a6-163,a7-163,a8-163,a9-163
Query Stats:
# sig pages read:    10
# signatures read:   19
# data pages read:   1
# tuples examined:   53
# false match pages: 0
1234731,aVRQAmdPNICOZXMHuvbv,a3-164,a4-164,a5-164,a6-164,a7-164,a8-164,a9-164
Query Stats:
# sig pages read:    10
# signatures read:   19
# data pages read:   1
# tuples examined:   53
# false match pages: 0
1235517,INqPZYRIjbMjbYrlGorb,a3-203,a4-286,a5-120,a6-452,a7-369,a8-286,a9-203
Query Stats:
# sig pages read:    10
# signatures read:   19
# data pages read:   1
# tuples examined:   53
# false match pages: 0
